Archive member included because of file (symbol)

c:/program files (x86)/gnu tools arm embedded/4.8 2014q3/bin/../lib/gcc/arm-none-eabi/4.8.4/../../../../arm-none-eabi/lib/armv7-m\libm.a(lib_a-s_atan.o)
                              ..\obj\stmAdxl345Accel.o (atan)
c:/program files (x86)/gnu tools arm embedded/4.8 2014q3/bin/../lib/gcc/arm-none-eabi/4.8.4/../../../../arm-none-eabi/lib/armv7-m\libm.a(lib_a-s_fabs.o)
                              c:/program files (x86)/gnu tools arm embedded/4.8 2014q3/bin/../lib/gcc/arm-none-eabi/4.8.4/../../../../arm-none-eabi/lib/armv7-m\libm.a(lib_a-s_atan.o) (fabs)
c:/program files (x86)/gnu tools arm embedded/4.8 2014q3/bin/../lib/gcc/arm-none-eabi/4.8.4/../../../../arm-none-eabi/lib/armv7-m\libm.a(lib_a-s_floor.o)
                              ..\obj\stmSi5351ClockGen.o (floor)
c:/program files (x86)/gnu tools arm embedded/4.8 2014q3/bin/../lib/gcc/arm-none-eabi/4.8.4/../../../../arm-none-eabi/lib/armv7-m\libm.a(lib_a-s_round.o)
                              ..\obj\stmDrv8825_A4988stepper.o (round)
c:/program files (x86)/gnu tools arm embedded/4.8 2014q3/bin/../lib/gcc/arm-none-eabi/4.8.4/../../../../arm-none-eabi/lib/armv7-m\libm.a(lib_a-s_sin.o)
                              ..\obj\selcal.o (sin)
c:/program files (x86)/gnu tools arm embedded/4.8 2014q3/bin/../lib/gcc/arm-none-eabi/4.8.4/../../../../arm-none-eabi/lib/armv7-m\libm.a(lib_a-s_trunc.o)
                              ..\obj\yUtil.o (trunc)
c:/program files (x86)/gnu tools arm embedded/4.8 2014q3/bin/../lib/gcc/arm-none-eabi/4.8.4/../../../../arm-none-eabi/lib/armv7-m\libm.a(lib_a-w_fmod.o)
                              ..\obj\ad9833_stm.o (fmod)
c:/program files (x86)/gnu tools arm embedded/4.8 2014q3/bin/../lib/gcc/arm-none-eabi/4.8.4/../../../../arm-none-eabi/lib/armv7-m\libm.a(lib_a-w_pow.o)
                              ..\obj\dh11TempSensor.o (pow)
c:/program files (x86)/gnu tools arm embedded/4.8 2014q3/bin/../lib/gcc/arm-none-eabi/4.8.4/../../../../arm-none-eabi/lib/armv7-m\libm.a(lib_a-w_sqrt.o)
                              ..\obj\stmDrv8825_A4988stepper.o (sqrt)
c:/program files (x86)/gnu tools arm embedded/4.8 2014q3/bin/../lib/gcc/arm-none-eabi/4.8.4/../../../../arm-none-eabi/lib/armv7-m\libm.a(lib_a-wf_atan2.o)
                              ..\obj\stmHmc5883Compass.o (atan2f)
c:/program files (x86)/gnu tools arm embedded/4.8 2014q3/bin/../lib/gcc/arm-none-eabi/4.8.4/../../../../arm-none-eabi/lib/armv7-m\libm.a(lib_a-wf_sqrt.o)
                              ..\obj\stmHmc5883Compass.o (sqrtf)
c:/program files (x86)/gnu tools arm embedded/4.8 2014q3/bin/../lib/gcc/arm-none-eabi/4.8.4/../../../../arm-none-eabi/lib/armv7-m\libm.a(lib_a-e_fmod.o)
                              c:/program files (x86)/gnu tools arm embedded/4.8 2014q3/bin/../lib/gcc/arm-none-eabi/4.8.4/../../../../arm-none-eabi/lib/armv7-m\libm.a(lib_a-w_fmod.o) (__ieee754_fmod)
c:/program files (x86)/gnu tools arm embedded/4.8 2014q3/bin/../lib/gcc/arm-none-eabi/4.8.4/../../../../arm-none-eabi/lib/armv7-m\libm.a(lib_a-e_pow.o)
                              c:/program files (x86)/gnu tools arm embedded/4.8 2014q3/bin/../lib/gcc/arm-none-eabi/4.8.4/../../../../arm-none-eabi/lib/armv7-m\libm.a(lib_a-w_pow.o) (__ieee754_pow)
c:/program files (x86)/gnu tools arm embedded/4.8 2014q3/bin/../lib/gcc/arm-none-eabi/4.8.4/../../../../arm-none-eabi/lib/armv7-m\libm.a(lib_a-e_rem_pio2.o)
                              c:/program files (x86)/gnu tools arm embedded/4.8 2014q3/bin/../lib/gcc/arm-none-eabi/4.8.4/../../../../arm-none-eabi/lib/armv7-m\libm.a(lib_a-s_sin.o) (__ieee754_rem_pio2)
c:/program files (x86)/gnu tools arm embedded/4.8 2014q3/bin/../lib/gcc/arm-none-eabi/4.8.4/../../../../arm-none-eabi/lib/armv7-m\libm.a(lib_a-e_sqrt.o)
                              c:/program files (x86)/gnu tools arm embedded/4.8 2014q3/bin/../lib/gcc/arm-none-eabi/4.8.4/../../../../arm-none-eabi/lib/armv7-m\libm.a(lib_a-w_sqrt.o) (__ieee754_sqrt)
c:/program files (x86)/gnu tools arm embedded/4.8 2014q3/bin/../lib/gcc/arm-none-eabi/4.8.4/../../../../arm-none-eabi/lib/armv7-m\libm.a(lib_a-ef_atan2.o)
                              c:/program files (x86)/gnu tools arm embedded/4.8 2014q3/bin/../lib/gcc/arm-none-eabi/4.8.4/../../../../arm-none-eabi/lib/armv7-m\libm.a(lib_a-wf_atan2.o) (__ieee754_atan2f)
c:/program files (x86)/gnu tools arm embedded/4.8 2014q3/bin/../lib/gcc/arm-none-eabi/4.8.4/../../../../arm-none-eabi/lib/armv7-m\libm.a(lib_a-ef_sqrt.o)
                              c:/program files (x86)/gnu tools arm embedded/4.8 2014q3/bin/../lib/gcc/arm-none-eabi/4.8.4/../../../../arm-none-eabi/lib/armv7-m\libm.a(lib_a-wf_sqrt.o) (__ieee754_sqrtf)
c:/program files (x86)/gnu tools arm embedded/4.8 2014q3/bin/../lib/gcc/arm-none-eabi/4.8.4/../../../../arm-none-eabi/lib/armv7-m\libm.a(lib_a-k_cos.o)
[...]
Memory Configuration

Name             Origin             Length             Attributes
rom              0x08000000         0x00010000         xr
ram              0x20000000         0x00005000         xrw
*default*        0x00000000         0xffffffff

Linker script and memory map

LOAD c:/program files (x86)/gnu tools arm embedded/4.8 2014q3/bin/../lib/gcc/arm-none-eabi/4.8.4/armv7-m/crti.o
LOAD c:/program files (x86)/gnu tools arm embedded/4.8 2014q3/bin/../lib/gcc/arm-none-eabi/4.8.4/armv7-m/crtbegin.o
LOAD c:/program files (x86)/gnu tools arm embedded/4.8 2014q3/bin/../lib/gcc/arm-none-eabi/4.8.4/../../../../arm-none-eabi/lib/armv7-m/crt0.o
                0x20005000                _eram = 0x20005000

.text           0x08000000     0x52f8
 *(.isr_vector)
 .isr_vector    0x08000000      0x10c ..\obj\startup_stm32f10x_md.o
                0x08000000                g_pfnVectors
 *(.text*)
 .text          0x0800010c       0x54 c:/program files (x86)/gnu tools arm embedded/4.8 2014q3/bin/../lib/gcc/arm-none-eabi/4.8.4/armv7-m/crtbegin.o
 .text.stmUser_LED_GPIO_setup
                0x08000160       0x5c ..\obj\blinky.o
                0x08000160                stmUser_LED_GPIO_setup
 .text.Standard_GetDescriptorData
                0x080001bc       0x48 ..\obj\usb_core.o
                0x080001bc                Standard_GetDescriptorData
 .text.SetDeviceAddress
                0x08000204       0x7c ..\obj\usb_core.o
                0x08000204                SetDeviceAddress
 .text.NOP_Process
                0x08000280        0xc ..\obj\usb_core.o
                0x08000280                NOP_Process
 .text.TIM_DeInit
                0x0800028c      0x22c ..\obj\stm32f10x_tim.o
                0x0800028c                TIM_DeInit
 .text.TIM_TimeBaseInit
                0x080004b8       0xf8 ..\obj\stm32f10x_tim.o
                0x080004b8                TIM_TimeBaseInit
 .text.TIM_OC1Init
                0x080005b0      0x118 ..\obj\stm32f10x_tim.o
                0x080005b0                TIM_OC1Init
 .text.TIM_TimeBaseStructInit
                0x080006c8       0x34 ..\obj\stm32f10x_tim.o
                0x080006c8                TIM_TimeBaseStructInit
 .text.TIM_OCStructInit
                0x080006fc       0x44 ..\obj\stm32f10x_tim.o
                0x080006fc                TIM_OCStructInit
 .text.TIM_Cmd  0x08000740       0x40 ..\obj\stm32f10x_tim.o
                0x08000740                TIM_Cmd
 .text.TIM_GetITStatus
                0x08000780       0x54 ..\obj\stm32f10x_tim.o
                0x08000780                TIM_GetITStatus
 .text.TIM_ClearITPendingBit
                0x080007d4       0x20 ..\obj\stm32f10x_tim.o
                0x080007d4                TIM_ClearITPendingBit
 .text.stmUSART3_buf_Init
                0x080007f4       0x28 ..\obj\yUart.o
                0x080007f4                stmUSART3_buf_Init
 .text.USART3_IRQHandler
                0x0800081c       0x94 ..\obj\yUart.o
                0x0800081c                USART3_IRQHandler
 .text.stmLinFindMsgIndexFromMsgInfoPool
                0x080008b0       0x44 ..\obj\stmLin.o
                0x080008b0                stmLinFindMsgIndexFromMsgInfoPool
 .text.stmLinParser
                0x080008f4       0xec ..\obj\stmLin.o
                0x080008f4                stmLinParser
 .text.USART2_IRQHandler
                0x080009e0      0x1bc ..\obj\stmLin.o
                0x080009e0                USART2_IRQHandler
 .text.SystemInit
                0x08000b9c       0x68 ..\obj\system_stm32f10x.o
                0x08000b9c                SystemInit
 .text.SetSysClock
                0x08000c04        0xc ..\obj\system_stm32f10x.o
 .text.SetSysClockTo72
                0x08000c10      0x100 ..\obj\system_stm32f10x.o
 .text.USB_Cable_Config
                0x08000d10       0x14 ..\obj\usbvcpLoop.o
                0x08000d10                USB_Cable_Config
 .text.USART_Config_Default
                0x08000d24       0x48 ..\obj\usbvcpLoop.o
                0x08000d24                USART_Config_Default
 .text.USART_Config
                0x08000d6c       0xd0 ..\obj\usbvcpLoop.o
                0x08000d6c                USART_Config
 .text.USART_To_USB_Send_Data
                0x08000e3c       0x6c ..\obj\usbvcpLoop.o
                0x08000e3c                USART_To_USB_Send_Data
 .text.Get_SerialNum
                0x08000ea8       0x54 ..\obj\usbvcpLoop.o
                0x08000ea8                Get_SerialNum
 .text.IntToUnicode
                0x08000efc       0x78 ..\obj\usbvcpLoop.o
 .text.USBWakeUp_IRQHandler
                0x08000f74       0x10 ..\obj\usbvcpLoop.o
                0x08000f74                USBWakeUp_IRQHandler
 .text.USART1_IRQHandler
                0x08000f84       0x34 ..\obj\usbvcpLoop.o
                0x08000f84                USART1_IRQHandler
 .text.STM_EVAL_COMInit
                0x08000fb8       0xe8 ..\obj\usbvcpLoop.o
                0x08000fb8                STM_EVAL_COMInit
 .text.SetBTABLE
                0x080010a0       0x24 ..\obj\usb_regs.o
                0x080010a0                SetBTABLE
 .text.SetEPType
                0x080010c4       0x48 ..\obj\usb_regs.o
                0x080010c4                SetEPType
 .text.SetEPTxStatus
                0x0800110c       0x6c ..\obj\usb_regs.o
                0x0800110c                SetEPTxStatus
 .text.SetEPRxStatus
                0x08001178       0x6c ..\obj\usb_regs.o
                0x08001178                SetEPRxStatus
 .text.SetEPRxValid
                0x080011e4       0x50 ..\obj\usb_regs.o
                0x080011e4                SetEPRxValid
 .text.Clear_Status_Out
                0x08001234       0x50 ..\obj\usb_regs.o
                0x08001234                Clear_Status_Out
 .text.SetEPTxAddr
                0x08001284       0x40 ..\obj\usb_regs.o
                0x08001284                SetEPTxAddr
 .text.SetEPRxAddr
                0x080012c4       0x40 ..\obj\usb_regs.o
                0x080012c4                SetEPRxAddr
 .text.SetEPRxCount
                0x08001304       0x84 ..\obj\usb_regs.o
                0x08001304                SetEPRxCount
 .text.PrintCharBsp
                0x08001388       0x34 ..\obj\yPrintf.o
                0x08001388                PrintCharBsp
 .text.longlong_to_string
                0x080013bc       0xf8 ..\obj\yPrintf.o
 .text.PutChar  0x080014b4       0x20 ..\obj\yPrintf.o
                0x080014b4                PutChar
 .text.PutString
                0x080014d4       0x3c ..\obj\yPrintf.o
                0x080014d4                PutString
 .text.PutUnsignedInt
                0x08001510       0xa0 ..\obj\yPrintf.o
                0x08001510                PutUnsignedInt
 .text.PutSignedInt
                0x080015b0       0xfc ..\obj\yPrintf.o
                0x080015b0                PutSignedInt
 .text.PutHexa  0x080016ac       0xd4 ..\obj\yPrintf.o
                0x080016ac                PutHexa
 .text.PutUnsignedLongLong
                0x08001780       0x48 ..\obj\yPrintf.o
                0x08001780                PutUnsignedLongLong
 .text.vsnprintf
                0x080017c8      0x2ac ..\obj\yPrintf.o
                0x080017c8                vsnprintf
 .text.vsprintf
                0x08001a74       0x24 ..\obj\yPrintf.o
                0x08001a74                vsprintf
 .text.stm_vfprintf
                0x08001a98       0x80 ..\obj\yPrintf.o
                0x08001a98                stm_vfprintf
 .text.vprintf  0x08001b18       0x28 ..\obj\yPrintf.o
                0x08001b18                vprintf
 .text.printf   0x08001b40       0x28 ..\obj\yPrintf.o
                0x08001b40                printf
 .text.puts     0x08001b68       0x24 ..\obj\yPrintf.o
                0x08001b68                puts
 .text.fputc    0x08001b8c       0x40 ..\obj\yPrintf.o
                0x08001b8c                fputc
 .text.fputs    0x08001bcc       0x48 ..\obj\yPrintf.o
                0x08001bcc                fputs
 .text.Default_Reset_Handler
                0x08001c14       0x60 ..\obj\startup_stm32f10x_md.o
                0x08001c14                Default_Reset_Handler
                0x08001c14                Reset_Handler
 .text.Default_Handler
                0x08001c74        0x8 ..\obj\startup_stm32f10x_md.o
                0x08001c74                EXTI2_IRQHandler
                0x08001c74                DebugMon_Handler
                0x08001c74                TIM1_CC_IRQHandler
                0x08001c74                HardFault_Handler
                0x08001c74                PVD_IRQHandler
                0x08001c74                PendSV_Handler
                0x08001c74                NMI_Handler
                0x08001c74                EXTI3_IRQHandler
                0x08001c74                EXTI0_IRQHandler
                0x08001c74                I2C2_EV_IRQHandler
                0x08001c74                UsageFault_Handler
                0x08001c74                ADC1_2_IRQHandler
                0x08001c74                SPI1_IRQHandler
                0x08001c74                TAMPER_IRQHandler
                0x08001c74                DMA1_Channel4_IRQHandler
                0x08001c74                RTC_IRQHandler
                0x08001c74                DMA1_Channel7_IRQHandler
                0x08001c74                CAN1_RX1_IRQHandler
                0x08001c74                TIM4_IRQHandler
                0x08001c74                I2C1_EV_IRQHandler
                0x08001c74                DMA1_Channel6_IRQHandler
                0x08001c74                RCC_IRQHandler
                0x08001c74                TIM1_TRG_COM_IRQHandler
                0x08001c74                DMA1_Channel1_IRQHandler
                0x08001c74                MemManage_Handler
                0x08001c74                SVC_Handler
                0x08001c74                DMA1_Channel5_IRQHandler
                0x08001c74                EXTI4_IRQHandler
                0x08001c74                USB_HP_CAN1_TX_IRQHandler
                0x08001c74                DMA1_Channel3_IRQHandler
                0x08001c74                TIM1_UP_IRQHandler
                0x08001c74                WWDG_IRQHandler
                0x08001c74                TIM2_IRQHandler
                0x08001c74                OTG_FS_WKUP_IRQHandler
                0x08001c74                TIM1_BRK_IRQHandler
                0x08001c74                EXTI1_IRQHandler
                0x08001c74                RTCAlarm_IRQHandler
                0x08001c74                I2C2_ER_IRQHandler
                0x08001c74                DMA1_Channel2_IRQHandler
                0x08001c74                CAN1_SCE_IRQHandler
                0x08001c74                FLASH_IRQHandler
                0x08001c74                BusFault_Handler
                0x08001c74                I2C1_ER_IRQHandler
 .text.CAN_DeInit
                0x08001c7c       0x44 ..\obj\stm32f10x_can.o
                0x08001c7c                CAN_DeInit
 .text.CAN_Init
                0x08001cc0      0x1a4 ..\obj\stm32f10x_can.o
                0x08001cc0                CAN_Init
 .text.CAN_FilterInit
                0x08001e64      0x164 ..\obj\stm32f10x_can.o
                0x08001e64                CAN_FilterInit
 .text.CAN_StructInit
                0x08001fc8       0x54 ..\obj\stm32f10x_can.o
                0x08001fc8                CAN_StructInit
 .text.CAN_Receive
                0x0800201c      0x170 ..\obj\stm32f10x_can.o
                0x0800201c                CAN_Receive
 .text.CAN_FIFORelease
                0x0800218c       0x38 ..\obj\stm32f10x_can.o
                0x0800218c                CAN_FIFORelease
 .text.CAN_ITConfig
                0x080021c4       0x3c ..\obj\stm32f10x_can.o
                0x080021c4                CAN_ITConfig
 .text.CAN_GetITStatus
                0x08002200      0x194 ..\obj\stm32f10x_can.o
                0x08002200                CAN_GetITStatus
 .text.CAN_ClearITPendingBit
                0x08002394       0xdc ..\obj\stm32f10x_can.o
                0x08002394                CAN_ClearITPendingBit
 .text.CheckITStatus
                0x08002470       0x30 ..\obj\stm32f10x_can.o
 .text.PWM_PINx_init
                0x080024a0       0x40 ..\obj\stmServoMotorLoop.o
                0x080024a0                PWM_PINx_init
 .text.TIM3_ini
                0x080024e0       0x64 ..\obj\stmServoMotorLoop.o
                0x080024e0                TIM3_ini
 .text.MOT_ServoControl
                0x08002544       0x58 ..\obj\stmServoMotorLoop.o
                0x08002544                MOT_ServoControl
 .text.Servo_control
                0x0800259c       0x18 ..\obj\stmServoMotorLoop.o
                0x0800259c                Servo_control
 .text.Servo_Setup
                0x080025b4       0x10 ..\obj\stmServoMotorLoop.o
                0x080025b4                Servo_Setup
 .text.GPIO_Init
                0x080025c4      0x178 ..\obj\stm32f10x_gpio.o
                0x080025c4                GPIO_Init
 .text.GPIO_StructInit
                0x0800273c       0x28 ..\obj\stm32f10x_gpio.o
                0x0800273c                GPIO_StructInit
 .text.GPIO_SetBits
                0x08002764       0x1c ..\obj\stm32f10x_gpio.o
                0x08002764                GPIO_SetBits
 .text.GPIO_ResetBits
                0x08002780       0x1c ..\obj\stm32f10x_gpio.o
                0x08002780                GPIO_ResetBits
 .text.GPIO_ToggleBits
                0x0800279c       0x24 ..\obj\stm32f10x_gpio.o
                0x0800279c                GPIO_ToggleBits
 .text.GPIO_PinRemapConfig
                0x080027c0       0xe0 ..\obj\stm32f10x_gpio.o
                0x080027c0                GPIO_PinRemapConfig
 .text.Virtual_Com_Port_init
                0x080028a0       0x2c ..\obj\usb_prop.o
                0x080028a0                Virtual_Com_Port_init
 .text.Virtual_Com_Port_Reset
                0x080028cc       0xf0 ..\obj\usb_prop.o
                0x080028cc                Virtual_Com_Port_Reset
 .text.Virtual_Com_Port_SetConfiguration
                0x080029bc       0x2c ..\obj\usb_prop.o
                0x080029bc                Virtual_Com_Port_SetConfiguration
 .text.Virtual_Com_Port_SetDeviceAddress
                0x080029e8       0x18 ..\obj\usb_prop.o
                0x080029e8                Virtual_Com_Port_SetDeviceAddress
 .text.Virtual_Com_Port_Status_In
                0x08002a00       0x1c ..\obj\usb_prop.o
                0x08002a00                Virtual_Com_Port_Status_In
 .text.Virtual_Com_Port_Status_Out
                0x08002a1c        0xc ..\obj\usb_prop.o
                0x08002a1c                Virtual_Com_Port_Status_Out
 .text.Virtual_Com_Port_Data_Setup
                0x08002a28       0x80 ..\obj\usb_prop.o
                0x08002a28                Virtual_Com_Port_Data_Setup
 .text.Virtual_Com_Port_NoData_Setup
                0x08002aa8       0x40 ..\obj\usb_prop.o
                0x08002aa8                Virtual_Com_Port_NoData_Setup
 .text.Virtual_Com_Port_GetDeviceDescriptor
                0x08002ae8       0x24 ..\obj\usb_prop.o
                0x08002ae8                Virtual_Com_Port_GetDeviceDescriptor
 .text.Virtual_Com_Port_GetConfigDescriptor
                0x08002b0c       0x24 ..\obj\usb_prop.o
                0x08002b0c                Virtual_Com_Port_GetConfigDescriptor
 .text.Virtual_Com_Port_GetStringDescriptor
                0x08002b30       0x40 ..\obj\usb_prop.o
                0x08002b30                Virtual_Com_Port_GetStringDescriptor
 .text.Virtual_Com_Port_Get_Interface_Setting
                0x08002b70       0x30 ..\obj\usb_prop.o
                0x08002b70                Virtual_Com_Port_Get_Interface_Setting
 .text.Virtual_Com_Port_GetLineCoding
                0x08002ba0       0x34 ..\obj\usb_prop.o
                0x08002ba0                Virtual_Com_Port_GetLineCoding
 .text.Virtual_Com_Port_SetLineCoding
                0x08002bd4       0x34 ..\obj\usb_prop.o
                0x08002bd4                Virtual_Com_Port_SetLineCoding
 .text.PowerOn  0x08002c08       0x50 ..\obj\usb_pwr.o
                0x08002c08                PowerOn
 .text.NVIC_SetPriority
                0x08002c58       0x54 ..\obj\main.o
 .text.SysTick_Config
                0x08002cac       0x44 ..\obj\main.o
 .text.stmSET_PB3_4_GPIO
                0x08002cf0       0x44 ..\obj\main.o
                0x08002cf0                stmSET_PB3_4_GPIO
 .text.stmRESET_PB3_4_GPIO
                0x08002d34       0x44 ..\obj\main.o
                0x08002d34                stmRESET_PB3_4_GPIO
 .text.Init_SysTick
                0x08002d78       0xcc ..\obj\main.o
                0x08002d78                Init_SysTick
 .text.SysTick_Handler
                0x08002e44       0x40 ..\obj\main.o
                0x08002e44                SysTick_Handler
 .text.dtInstall_DebugConsole
                0x08002e84       0x28 ..\obj\main.o
                0x08002e84                dtInstall_DebugConsole
 .text.dtVeryFirstMcuConfigAndInstallDebugConsole
                0x08002eac       0x48 ..\obj\main.o
                0x08002eac                dtVeryFirstMcuConfigAndInstallDebugConsole
 .text.yGetJtagId
                0x08002ef4       0x5c ..\obj\main.o
                0x08002ef4                yGetJtagId
 .text.main     0x08002f50       0xc0 ..\obj\main.o
                0x08002f50                main
 .text.stmCAN_Gpio_Irq_Can_Config
                0x08003010      0x174 ..\obj\yCanLoop.o
                0x08003010                stmCAN_Gpio_Irq_Can_Config
 .text.stmCAN_AcceptAllFilterWithFifo0
                0x08003184       0x44 ..\obj\yCanLoop.o
                0x08003184                stmCAN_AcceptAllFilterWithFifo0
 .text.stmCanInterruptConfig
                0x080031c8       0x24 ..\obj\yCanLoop.o
                0x080031c8                stmCanInterruptConfig
 .text.USB_LP_CAN1_RX0_IRQHandler
                0x080031ec       0xe4 ..\obj\yCanLoop.o
                0x080031ec                USB_LP_CAN1_RX0_IRQHandler
 .text.stmCAN_InternalModuleInit
                0x080032d0       0x20 ..\obj\yCanLoop.o
                0x080032d0                stmCAN_InternalModuleInit
 .text.stmCan_Config
                0x080032f0       0x24 ..\obj\yCanLoop.o
                0x080032f0                stmCan_Config
 .text.CAN_RECEIVE_CMD
                0x08003314       0xa4 ..\obj\yCanLoop.o
                0x08003314                CAN_RECEIVE_CMD
 .text.stm_I2C_Init
                0x080033b8       0x90 ..\obj\yI2cDrv.o
                0x080033b8                stm_I2C_Init
 .text.RCC_GetSYSCLKSource
                0x08003448       0x20 ..\obj\stm32f10x_rcc.o
                0x08003448                RCC_GetSYSCLKSource
 .text.RCC_GetClocksFreq
                0x08003468      0x164 ..\obj\stm32f10x_rcc.o
                0x08003468                RCC_GetClocksFreq
 .text.RCC_APB2PeriphClockCmd
                0x080035cc       0x3c ..\obj\stm32f10x_rcc.o
                0x080035cc                RCC_APB2PeriphClockCmd
 .text.RCC_APB1PeriphClockCmd
                0x08003608       0x3c ..\obj\stm32f10x_rcc.o
                0x08003608                RCC_APB1PeriphClockCmd
 .text.RCC_APB2PeriphResetCmd
                0x08003644       0x3c ..\obj\stm32f10x_rcc.o
                0x08003644                RCC_APB2PeriphResetCmd
 .text.RCC_APB1PeriphResetCmd
                0x08003680       0x3c ..\obj\stm32f10x_rcc.o
                0x08003680                RCC_APB1PeriphResetCmd
 .text.EXTI_ClearFlag
                0x080036bc       0x1c ..\obj\stm32f10x_exti.o
                0x080036bc                EXTI_ClearFlag
 .text.EXTI_GetITStatus
                0x080036d8       0x48 ..\obj\stm32f10x_exti.o
                0x080036d8                EXTI_GetITStatus
 .text.EXTI_ClearITPendingBit
                0x08003720       0x1c ..\obj\stm32f10x_exti.o
                0x08003720                EXTI_ClearITPendingBit
 .text.ADC_SoftwareStartConvCmd
                0x0800373c       0x38 ..\obj\stm32f10x_adc.o
                0x0800373c                ADC_SoftwareStartConvCmd
 .text.ADC_GetConversionValue
                0x08003774       0x1c ..\obj\stm32f10x_adc.o
                0x08003774                ADC_GetConversionValue
 .text.ADC_GetFlagStatus
                0x08003790       0x34 ..\obj\stm32f10x_adc.o
                0x08003790                ADC_GetFlagStatus
 .text.USART_Init
                0x080037c4      0x174 ..\obj\stm32f10x_usart.o
                0x080037c4                USART_Init
 .text.USART_Cmd
                0x08003938       0x40 ..\obj\stm32f10x_usart.o
                0x08003938                USART_Cmd
 .text.USART_ITConfig
                0x08003978       0x90 ..\obj\stm32f10x_usart.o
                0x08003978                USART_ITConfig
 .text.USART_SendData
                0x08003a08       0x24 ..\obj\stm32f10x_usart.o
                0x08003a08                USART_SendData
 .text.USART_ReceiveData
                0x08003a2c       0x20 ..\obj\stm32f10x_usart.o
                0x08003a2c                USART_ReceiveData
 .text.USART_GetFlagStatus
                0x08003a4c       0x38 ..\obj\stm32f10x_usart.o
                0x08003a4c                USART_GetFlagStatus
 .text.USART_GetITStatus
                0x08003a84       0xb0 ..\obj\stm32f10x_usart.o
                0x08003a84                USART_GetITStatus
 .text.USART_ClearITPendingBit
                0x08003b34       0x38 ..\obj\stm32f10x_usart.o
                0x08003b34                USART_ClearITPendingBit
 .text.SPI2_IRQHandler
                0x08003b6c       0x94 ..\obj\stmArinc429spi.o
                0x08003b6c                SPI2_IRQHandler
 .text.USB_SIL_Init
                0x08003c00       0x34 ..\obj\usb_sil.o
                0x08003c00                USB_SIL_Init
 .text.EXTI9_5_IRQHandler
                0x08003c34       0x24 ..\obj\stmLIS3MDL.o
                0x08003c34                EXTI9_5_IRQHandler
 .text.EXTI15_10_IRQHandler
                0x08003c58       0x34 ..\obj\tca8418_mcdu.o
                0x08003c58                EXTI15_10_IRQHandler
 .text.NVIC_Init
                0x08003c8c       0xc0 ..\obj\misc.o
                0x08003c8c                NVIC_Init
 .text.SysTick_CLKSourceConfig
                0x08003d4c       0x38 ..\obj\misc.o
                0x08003d4c                SysTick_CLKSourceConfig
 .text.TIM3_IRQHandler
                0x08003d84       0x8c ..\obj\selcal.o
                0x08003d84                TIM3_IRQHandler
 .text.SPI_I2S_ReceiveData
                0x08003e10       0x1c ..\obj\stm32f10x_spi.o
                0x08003e10                SPI_I2S_ReceiveData
 .text.SPI_I2S_GetFlagStatus
                0x08003e2c       0x38 ..\obj\stm32f10x_spi.o
                0x08003e2c                SPI_I2S_GetFlagStatus
 .text.SPI_I2S_GetITStatus
                0x08003e64       0x78 ..\obj\stm32f10x_spi.o
                0x08003e64                SPI_I2S_GetITStatus
 .text.SPI_I2S_ClearITPendingBit
                0x08003edc       0x34 ..\obj\stm32f10x_spi.o
                0x08003edc                SPI_I2S_ClearITPendingBit
 .text.I2C_DeInit
                0x08003f10       0x44 ..\obj\stm32f10x_i2c.o
                0x08003f10                I2C_DeInit
 .text.I2C_Init
                0x08003f54      0x184 ..\obj\stm32f10x_i2c.o
                0x08003f54                I2C_Init
 .text.I2C_Cmd  0x080040d8       0x40 ..\obj\stm32f10x_i2c.o
                0x080040d8                I2C_Cmd
 .text.stmUsart1_Init
                0x08004118       0x80 ..\obj\usart.o
                0x08004118                stmUsart1_Init
 .text.delayms  0x08004198       0x28 ..\obj\yUtil.o
                0x08004198                delayms
 .text          0x080041c0       0x2c c:/program files (x86)/gnu tools arm embedded/4.8 2014q3/bin/../lib/gcc/arm-none-eabi/4.8.4/armv7-m\libgcc.a(_aeabi_uldivmod.o)
                0x080041c0                __aeabi_uldivmod
 .text          0x080041ec       0x60 c:/program files (x86)/gnu tools arm embedded/4.8 2014q3/bin/../lib/gcc/arm-none-eabi/4.8.4/armv7-m\libgcc.a(bpabi.o)
                0x080041ec                __gnu_ldivmod_helper
                0x0800421c                __gnu_uldivmod_helper
 .text          0x0800424c        0x4 c:/program files (x86)/gnu tools arm embedded/4.8 2014q3/bin/../lib/gcc/arm-none-eabi/4.8.4/armv7-m\libgcc.a(_dvmd_tls.o)
                0x0800424c                __aeabi_idiv0
                0x0800424c                __aeabi_ldiv0
 .text          0x08004250      0x2a0 c:/program files (x86)/gnu tools arm embedded/4.8 2014q3/bin/../lib/gcc/arm-none-eabi/4.8.4/armv7-m\libgcc.a(_divdi3.o)
                0x08004250                __divdi3
 .text          0x080044f0      0x290 c:/program files (x86)/gnu tools arm embedded/4.8 2014q3/bin/../lib/gcc/arm-none-eabi/4.8.4/armv7-m\libgcc.a(_udivdi3.o)
                0x080044f0                __udivdi3
 .text.strcpy   0x08004780       0xbc c:/program files (x86)/gnu tools arm embedded/4.8 2014q3/bin/../lib/gcc/arm-none-eabi/4.8.4/../../../../arm-none-eabi/lib/armv7-m\libc.a(lib_a-strcpy.o)
                0x08004780                strcpy
 .text.strlen   0x0800483c       0x60 c:/program files (x86)/gnu tools arm embedded/4.8 2014q3/bin/../lib/gcc/arm-none-eabi/4.8.4/../../../../arm-none-eabi/lib/armv7-m\libc.a(lib_a-strlen.o)
                0x0800483c                strlen
 .text.startup.register_fini
                0x0800489c       0x14 c:/program files (x86)/gnu tools arm embedded/4.8 2014q3/bin/../lib/gcc/arm-none-eabi/4.8.4/../../../../arm-none-eabi/lib/armv7-m\libc.a(lib_a-__call_atexit.o)
 .text.atexit   0x080048b0        0xc c:/program files (x86)/gnu tools arm embedded/4.8 2014q3/bin/../lib/gcc/arm-none-eabi/4.8.4/../../../../arm-none-eabi/lib/armv7-m\libc.a(lib_a-atexit.o)
                0x080048b0                atexit
 .text.__libc_fini_array
                0x080048bc       0x30 c:/program files (x86)/gnu tools arm embedded/4.8 2014q3/bin/../lib/gcc/arm-none-eabi/4.8.4/../../../../arm-none-eabi/lib/armv7-m\libc.a(lib_a-fini.o)
                0x080048bc                __libc_fini_array
 .text.__register_exitproc
                0x080048ec       0xa8 c:/program files (x86)/gnu tools arm embedded/4.8 2014q3/bin/../lib/gcc/arm-none-eabi/4.8.4/../../../../arm-none-eabi/lib/armv7-m\libc.a(lib_a-__atexit.o)
                0x080048ec                __register_exitproc
 *(.init)
 .init          0x08004994        0x4 c:/program files (x86)/gnu tools arm embedded/4.8 2014q3/bin/../lib/gcc/arm-none-eabi/4.8.4/armv7-m/crti.o
                0x08004994                _init
 .init          0x08004998        0x8 c:/program files (x86)/gnu tools arm embedded/4.8 2014q3/bin/../lib/gcc/arm-none-eabi/4.8.4/armv7-m/crtn.o
 *(.fini)
 .fini          0x080049a0        0x4 c:/program files (x86)/gnu tools arm embedded/4.8 2014q3/bin/../lib/gcc/arm-none-eabi/4.8.4/armv7-m/crti.o
                0x080049a0                _fini
 .fini          0x080049a4        0x8 c:/program files (x86)/gnu tools arm embedded/4.8 2014q3/bin/../lib/gcc/arm-none-eabi/4.8.4/armv7-m/crtn.o
 *crtbegin.o(.ctors)
 *crtbegin?.o(.ctors)
 *(EXCLUDE_FILE(*crtend.o *crtend?.o) .ctors)
 *(SORT(.ctors.*))
 *(.ctors)
 *crtbegin.o(.dtors)
 *crtbegin?.o(.dtors)
 *(EXCLUDE_FILE(*crtend.o *crtend?.o) .dtors)
 *(SORT(.dtors.*))
 *(.dtors)
 *(.rodata*)
 .rodata        0x080049ac      0x294 ..\obj\stmLin.o
 .rodata        0x08004c40       0x28 ..\obj\usbvcpLoop.o
                0x08004c40                COM_USART_CLK
                0x08004c48                COM_TX_PORT_CLK
                0x08004c50                COM_RX_PORT_CLK
                0x08004c58                COM_TX_PIN
                0x08004c5c                COM_RX_PIN
 .rodata        0x08004c68       0xb8 ..\obj\usb_desc.o
                0x08004c68                Virtual_Com_Port_DeviceDescriptor
                0x08004c7c                Virtual_Com_Port_ConfigDescriptor
                0x08004cc0                Virtual_Com_Port_StringLangID
                0x08004cc4                Virtual_Com_Port_StringVendor
                0x08004cec                Virtual_Com_Port_StringProduct
 .rodata        0x08004d20       0x44 ..\obj\yPrintf.o
 .rodata        0x08004d64      0x1a8 ..\obj\main.o
 .rodata        0x08004f0c      0x348 ..\obj\yCanLoop.o
 .rodata        0x08005254       0x9c ..\obj\stmArinc429spi.o
 .rodata.str1.4
                0x080052f0        0x4 c:/program files (x86)/gnu tools arm embedded/4.8 2014q3/bin/../lib/gcc/arm-none-eabi/4.8.4/../../../../arm-none-eabi/lib/armv7-m\libc.a(lib_a-impure.o)
 .rodata._global_impure_ptr
                0x080052f4        0x4 c:/program files (x86)/gnu tools arm embedded/4.8 2014q3/bin/../lib/gcc/arm-none-eabi/4.8.4/../../../../arm-none-eabi/lib/armv7-m\libc.a(lib_a-impure.o)
                0x080052f4                _global_impure_ptr
 *(.eh_fram e*)

.eh_frame       0x080052f8        0x0
 .eh_frame      0x080052f8        0x0 c:/program files (x86)/gnu tools arm embedded/4.8 2014q3/bin/../lib/gcc/arm-none-eabi/4.8.4/armv7-m/crtbegin.o

.glue_7         0x080052f8        0x0
 .glue_7        0x00000000        0x0 linker stubs

.glue_7t        0x080052f8        0x0
 .glue_7t       0x00000000        0x0 linker stubs

.vfp11_veneer   0x080052f8        0x0
 .vfp11_veneer  0x00000000        0x0 linker stubs

.v4_bx          0x080052f8        0x0
 .v4_bx         0x00000000        0x0 linker stubs

.iplt           0x080052f8        0x0
 .iplt          0x00000000        0x0 c:/program files (x86)/gnu tools arm embedded/4.8 2014q3/bin/../lib/gcc/arm-none-eabi/4.8.4/armv7-m/crtbegin.o

.ARM.extab
 *(.ARM.extab* .gnu.linkonce.armextab.*)
                0x080052f8                __exidx_start = .

.ARM.exidx      0x080052f8        0x8
 *(.ARM.exidx* .gnu.linkonce.armexidx.*)
 .ARM.exidx     0x080052f8        0x8 c:/program files (x86)/gnu tools arm embedded/4.8 2014q3/bin/../lib/gcc/arm-none-eabi/4.8.4/armv7-m\libgcc.a(_divdi3.o)
 .ARM.exidx     0x08005300        0x0 c:/program files (x86)/gnu tools arm embedded/4.8 2014q3/bin/../lib/gcc/arm-none-eabi/4.8.4/armv7-m\libgcc.a(_udivdi3.o)
                                  0x8 (size before relaxing)
                0x08005300                __exidx_end = .
                0x08005300                __etext = .
                0x08005300                _sidata = __etext

.rel.dyn        0x08005300        0x0
 .rel.iplt      0x00000000        0x0 c:/program files (x86)/gnu tools arm embedded/4.8 2014q3/bin/../lib/gcc/arm-none-eabi/4.8.4/armv7-m/crtbegin.o

.data           0x20000000      0x514 load address 0x08005300
                0x20000000                __data_start__ = .
                0x20000000                _sdata = __data_start__
 *(vtable)
 *(.data*)
 .data          0x20000000       0x18 ..\obj\usbvcpLoop.o
                0x20000000                COM_USART
                0x20000008                COM_TX_PORT
                0x20000010                COM_RX_PORT
 .data          0x20000018       0x1c ..\obj\usb_desc.o
                0x20000018                Virtual_Com_Port_StringSerial
 .data          0x20000034       0x90 ..\obj\usb_prop.o
                0x20000034                linecoding
                0x2000003c                Device_Table
                0x20000040                Device_Property
                0x20000070                User_Standard_Requests
                0x20000094                Device_Descriptor
                0x2000009c                Config_Descriptor
                0x200000a4                String_Descriptor
 .data          0x200000c4       0x14 ..\obj\stm32f10x_rcc.o
 .data.impure_data
                0x200000d8      0x428 c:/program files (x86)/gnu tools arm embedded/4.8 2014q3/bin/../lib/gcc/arm-none-eabi/4.8.4/../../../../arm-none-eabi/lib/armv7-m\libc.a(lib_a-impure.o)
 .data._impure_ptr
                0x20000500        0x4 c:/program files (x86)/gnu tools arm embedded/4.8 2014q3/bin/../lib/gcc/arm-none-eabi/4.8.4/../../../../arm-none-eabi/lib/armv7-m\libc.a(lib_a-impure.o)
                0x20000500                _impure_ptr
                0x20000504                . = ALIGN (0x4)
                0x20000504                PROVIDE (__preinit_array_start, .)
 *(.preinit_array)
                0x20000504                PROVIDE (__preinit_array_end, .)
                0x20000504                . = ALIGN (0x4)
                0x20000504                PROVIDE (__init_array_start, .)
 *(SORT(.init_array.*))
 .init_array.00000
                0x20000504        0x4 c:/program files (x86)/gnu tools arm embedded/4.8 2014q3/bin/../lib/gcc/arm-none-eabi/4.8.4/../../../../arm-none-eabi/lib/armv7-m\libc.a(lib_a-__call_atexit.o)
 *(.init_array)
 .init_array    0x20000508        0x4 c:/program files (x86)/gnu tools arm embedded/4.8 2014q3/bin/../lib/gcc/arm-none-eabi/4.8.4/armv7-m/crtbegin.o
                0x2000050c                PROVIDE (__init_array_end, .)
                0x2000050c                . = ALIGN (0x4)
                0x2000050c                PROVIDE (__fini_array_start, .)
 *(SORT(.fini_array.*))
 *(.fini_array)
 .fini_array    0x2000050c        0x4 c:/program files (x86)/gnu tools arm embedded/4.8 2014q3/bin/../lib/gcc/arm-none-eabi/4.8.4/armv7-m/crtbegin.o
                0x20000510                PROVIDE (__fini_array_end, .)
 *(.jcr*)
 .jcr           0x20000510        0x0 c:/program files (x86)/gnu tools arm embedded/4.8 2014q3/bin/../lib/gcc/arm-none-eabi/4.8.4/armv7-m/crtbegin.o
 .jcr           0x20000510        0x4 c:/program files (x86)/gnu tools arm embedded/4.8 2014q3/bin/../lib/gcc/arm-none-eabi/4.8.4/armv7-m/crtend.o
                0x20000514                . = ALIGN (0x4)
                0x20000514                __data_end__ = .
                0x20000514                _edata = __data_end__

.igot.plt       0x20000514        0x0 load address 0x08005814
 .igot.plt      0x00000000        0x0 c:/program files (x86)/gnu tools arm embedded/4.8 2014q3/bin/../lib/gcc/arm-none-eabi/4.8.4/armv7-m/crtbegin.o

.bss            0x20000514     0x2b44 load address 0x08005814
                0x20000514                . = ALIGN (0x4)
                0x20000514                __bss_start__ = .
                0x20000514                _sbss = __bss_start__
 *(.bss*)
 .bss           0x20000514       0x1c c:/program files (x86)/gnu tools arm embedded/4.8 2014q3/bin/../lib/gcc/arm-none-eabi/4.8.4/armv7-m/crtbegin.o
 .bss           0x20000530      0x324 ..\obj\yUart.o
                0x20000530                usart1_rbuf
                0x2000063c                usart2_rbuf
                0x20000748                usart3_rbuf
 .bss           0x20000854       0x10 ..\obj\usbvcpLoop.o
                0x20000854                APP_Rx_ptr_in
                0x20000858                USART_Rx_ptr_out
                0x2000085c                USART_Rx_length
                0x20000860                USB_Tx_State
 .bss           0x20000864        0x1 ..\obj\usb_prop.o
                0x20000864                Request
 *fill*         0x20000865        0x3 
 .bss           0x20000868        0x8 ..\obj\usb_pwr.o
                0x20000868                bDeviceState
                0x2000086c                remotewakeupon
 .bss           0x20000870        0xc ..\obj\main.o
                0x20000870                gTimingDelay
                0x20000874                g_tickCnt
                0x20000878                g_tickEvent
 .bss           0x2000087c        0x1 ..\obj\yI2cDrv.o
                0x2000087c                g_bI2CModuleConfigDone
 *fill*         0x2000087d        0x3 
 .bss           0x20000880     0x1e30 ..\obj\selcal.o
 *(COMMON)
 COMMON         0x200026b0       0x33 ..\obj\stmLin.o
                0x200026b0                g_LinMod
 *fill*         0x200026e3        0x1 
 COMMON         0x200026e4      0x81c ..\obj\usbvcpLoop.o
                0x200026e4                HSEStartUpStatus
                0x200026e8                USART_InitStructure
                0x200026f8                APP_Rx_Buffer
                0x20002ef8                EXTI_InitStructure
 COMMON         0x20002f00        0x8 ..\obj\stmServoMotorLoop.o
                0x20002f00                MotServoCntr
 COMMON         0x20002f08       0x32 ..\obj\usb_init.o
                0x20002f08                SaveState
                0x20002f0c                pProperty
                0x20002f10                EPindex
                0x20002f14                Device_Info
                0x20002f30                pUser_Standard_Requests
                0x20002f34                pInformation
                0x20002f38                wInterrupt_Mask
 *fill*         0x20002f3a        0x2 
 COMMON         0x20002f3c       0x30 ..\obj\main.o
                0x20002f3c                g_mac_addr
                0x20002f44                gI2Cx
                0x20002f48                g_ppsHoldOver
                0x20002f64                g_macaddrLsb
                0x20002f68                randNum32
 COMMON         0x20002f6c       0x9c ..\obj\yCanLoop.o
                0x20002f6c                yCAN_module
 COMMON         0x20003008       0x10 ..\obj\stmArinc429spi.o
                0x20003008                arinc429_RX
 COMMON         0x20003018       0x20 ..\obj\stmLIS3MDL.o
                0x20003018                g_LIS3MDL
                0x20003030                g_RDRY_LIS3MDL
                0x20003034                g_INT_LIS3MDL
 COMMON         0x20003038       0x20 ..\obj\tca8418_mcdu.o
                0x20003038                g_tca8418_keypad
                0x20003058                . = ALIGN (0x4)
                0x20003058                __bss_end__ = .
                0x20003058                _ebss = __bss_end__

.heap           0x20003058        0x0
                0x20003058                __end__ = .
                0x20003058                _end = __end__
                0x20003058                end = __end__
 *(.heap*)
                0x20003058                __HeapLimit = .

.co_stack       0x20003058      0x400 load address 0x08008358
                0x20003058                . = ALIGN (0x8)
 *(.co_stack .co_stack.*)
 .co_stack      0x20003058      0x400 ..\obj\startup_stm32f10x_md.o
                0x20003058                pulStack
                0x20005000                __StackTop = (ORIGIN (ram) + 0x5000)
                0x20004c00                __StackLimit = (__StackTop - SIZEOF (.co_stack))
                0x20005000                PROVIDE (__stack, __StackTop)
                0x00000001                ASSERT ((__StackLimit >= __HeapLimit), region ram  overflowed with stack)
LOAD ..\obj\blinky.o
LOAD ..\obj\CanWithStepperProj.o
LOAD ..\obj\stm32f10x_rtc.o
LOAD ..\obj\stmMCP4725DACi2c.o
LOAD ..\obj\DualH_Drv8833MotorLoop.o
LOAD ..\obj\stmDtmfLoop.o
LOAD ..\obj\usb_core.o
LOAD ..\obj\kt0803_fmTx.o
LOAD ..\obj\mem.o
LOAD ..\obj\stmDrv8825_A4988stepper.o
LOAD ..\obj\bmc.o
LOAD ..\obj\stm32f10x_tim.o
LOAD ..\obj\cmdline.o
LOAD ..\obj\stmSn76489ToneGen.o
LOAD ..\obj\as5600.o
LOAD ..\obj\ptpd.o
LOAD ..\obj\stmTea5767Drv.o
LOAD ..\obj\protocol.o
LOAD ..\obj\si7021_Hum.o
LOAD ..\obj\tcp.o
LOAD ..\obj\yUart.o
LOAD ..\obj\err.o
LOAD ..\obj\stmHmc5883Compass.o
LOAD ..\obj\pm2008mI2C.o
LOAD ..\obj\mib_structs.o
LOAD ..\obj\stmLin.o
LOAD ..\obj\tcp_in.o
LOAD ..\obj\stm433MHz.o
LOAD ..\obj\usb_int.o
LOAD ..\obj\proj_wireless_gps_clock.o
LOAD ..\obj\isl1208.o
LOAD ..\obj\stmPcf8574.o
LOAD ..\obj\system_stm32f10x.o
LOAD ..\obj\memp.o
LOAD ..\obj\xpt2046TouchSensor.o
LOAD ..\obj\ap3216LightSensor.o
LOAD ..\obj\stmEnc28J60.o
LOAD ..\obj\autoip.o
LOAD ..\obj\usbvcpLoop.o
LOAD ..\obj\startup_stm32f10x_hd.o
LOAD ..\obj\usb_desc.o
LOAD ..\obj\ip_frag.o
LOAD ..\obj\usb_regs.o
LOAD ..\obj\stmIL9163LCD_Para8.o
LOAD ..\obj\msg_out.o
LOAD ..\obj\yPrintf.o
LOAD ..\obj\tb6612MotorLoop.o
LOAD ..\obj\yPwmLoop.o
LOAD ..\obj\yQeiDrv.o
LOAD ..\obj\Bldc_Drv11873Loop.o
LOAD ..\obj\startup_stm32f10x_md.o
LOAD ..\obj\stm32f10x_pwr.o
LOAD ..\obj\stmHt16K33Loop.o
LOAD ..\obj\stm32f10x_can.o
LOAD ..\obj\ds3231rtc.o
LOAD ..\obj\ptpd_timer.o
LOAD ..\obj\stmServoMotorLoop.o
LOAD ..\obj\stm32f10x_gpio.o
LOAD ..\obj\usb_prop.o
LOAD ..\obj\Printf.o
LOAD ..\obj\usb_pwr.o
LOAD ..\obj\stmDacLoop.o
LOAD ..\obj\sys.o
LOAD ..\obj\ip_addr.o
LOAD ..\obj\stmSpiSt7789_Clock_IPS240X240LCD.o
LOAD ..\obj\stm32f10x_dac.o
LOAD ..\obj\lis3dh.o
LOAD ..\obj\dtmf.o
LOAD ..\obj\ad9833_stm.o
LOAD ..\obj\inet_chksum.o
LOAD ..\obj\usb_init.o
LOAD ..\obj\main.o
LOAD ..\obj\arith.o
LOAD ..\obj\netconf.o
LOAD ..\obj\mib2.o
LOAD ..\obj\yCanLoop.o
LOAD ..\obj\stmMcp2515CAN.o
LOAD ..\obj\stmRtcLoop.o
LOAD ..\obj\stmDmx512.o
LOAD ..\obj\stmNRFspi.o
LOAD ..\obj\netdb.o
LOAD ..\obj\stm32f1x7_eth_bsp.o
LOAD ..\obj\init.o
LOAD ..\obj\stmQmc5883Compass.o
LOAD ..\obj\yI2cDrv.o
LOAD ..\obj\stmMCP3208adc.o
LOAD ..\obj\dh11TempSensor.o
LOAD ..\obj\stmBmp180.o
LOAD ..\obj\ds1307.o
LOAD ..\obj\stmSi5351ClockGen.o
LOAD ..\obj\stmFx6408i2cGpio.o
LOAD ..\obj\ethernetif.o
LOAD ..\obj\stm32f10x_rcc.o
LOAD ..\obj\w5500.o
LOAD ..\obj\etharp.o
LOAD ..\obj\ip101_simpleLoop.o
LOAD ..\obj\stmTC77spi.o
LOAD ..\obj\stmMcp8063BldcLoop.o
LOAD ..\obj\ksz8794cnxSwitch.o
LOAD ..\obj\stm32f10x_exti.o
LOAD ..\obj\httpd.o
LOAD ..\obj\stmMpu6050.o
LOAD ..\obj\stm32f10x_adc.o
LOAD ..\obj\genMdio.o
LOAD ..\obj\stmTCM3105Fsk.o
LOAD ..\obj\stm32f10x_usart.o
LOAD ..\obj\stmMotorUnipolar.o
LOAD ..\obj\dustSensor.o
LOAD ..\obj\stmArinc429spi.o
LOAD ..\obj\stmPcf8574i2clcd.o
LOAD ..\obj\pbuf.o
LOAD ..\obj\stats.o
LOAD ..\obj\inet.o
LOAD ..\obj\usb_sil.o
LOAD ..\obj\msg_in.o
LOAD ..\obj\netif.o
LOAD ..\obj\servo.o
LOAD ..\obj\asn1_enc.o
LOAD ..\obj\stmWs2812_RGBled.o
LOAD ..\obj\rcc.o
LOAD ..\obj\stmWm8731Drv.o
LOAD ..\obj\stmL3G4200Gyro.o
LOAD ..\obj\ozled.o
LOAD ..\obj\rngloop.o
LOAD ..\obj\syscalls.o
LOAD ..\obj\stmPid.o
LOAD ..\obj\stmMCP23S17SpiGpio.o
LOAD ..\obj\stmLIS3MDL.o
LOAD ..\obj\stm32f10x_flash.o
LOAD ..\obj\stmSpiSt7789_IPS240X240LCD.o
LOAD ..\obj\tca8418_mcdu.o
LOAD ..\obj\vl53L0x.o
LOAD ..\obj\stmMCP23008i2cGpio.o
LOAD ..\obj\msg.o
LOAD ..\obj\sockets.o
LOAD ..\obj\yEther.o
LOAD ..\obj\igmp.o
LOAD ..\obj\yGps.o
LOAD ..\obj\stm32f107_eth.o
LOAD ..\obj\usb_endp.o
LOAD ..\obj\stm32f10x_dma.o
LOAD ..\obj\LinWithStepperProj.o
LOAD ..\obj\udp.o
LOAD ..\obj\ip.o
LOAD ..\obj\stmSpiSt7789_Gauge_IPS240X240LCD.o
LOAD ..\obj\net.o
LOAD ..\obj\stm32f10x_lib.o
LOAD ..\obj\stmSpiSt7735Hy18LCD.o
LOAD ..\obj\media_clock.o
LOAD ..\obj\uc164904_CLCD.o
LOAD ..\obj\stmAdxl345Accel.o
LOAD ..\obj\stmX27_Vid29_Stepper.o
LOAD ..\obj\icmp.o
LOAD ..\obj\dns.o
LOAD ..\obj\misc.o
LOAD ..\obj\stmSpiGC9A01RoundLCD.o
LOAD ..\obj\Bldc_Drv8313Loop.o
LOAD ..\obj\stmSi5328cClockGen.o
LOAD ..\obj\selcal.o
LOAD ..\obj\stm32f10x_spi.o
LOAD ..\obj\dhcp.o
LOAD ..\obj\ieee8021as.o
LOAD ..\obj\mdio407_107.o
LOAD ..\obj\stm32f10x_i2c.o
LOAD ..\obj\stmL3GGD20HGyro.o
LOAD ..\obj\stmBmp280.o
LOAD ..\obj\sys_time_timer.o
LOAD ..\obj\usb_mem.o
LOAD ..\obj\apds9960ProximitySensor.o
LOAD ..\obj\yStepper.o
LOAD ..\obj\yMcp7219.o
LOAD ..\obj\tjaNXPmc.o
LOAD ..\obj\usb_istr.o
LOAD ..\obj\stmMdioBitBang.o
LOAD ..\obj\yLcdLib.o
LOAD ..\obj\tcp_out.o
LOAD ..\obj\ySpiDrv.o
LOAD ..\obj\loopif.o
LOAD ..\obj\raw.o
LOAD ..\obj\usart.o
LOAD ..\obj\yUtil.o
LOAD c:/program files (x86)/gnu tools arm embedded/4.8 2014q3/bin/../lib/gcc/arm-none-eabi/4.8.4/../../../../arm-none-eabi/lib/armv7-m\libm.a
LOAD c:/program files (x86)/gnu tools arm embedded/4.8 2014q3/bin/../lib/gcc/arm-none-eabi/4.8.4/armv7-m\libgcc.a
LOAD c:/program files (x86)/gnu tools arm embedded/4.8 2014q3/bin/../lib/gcc/arm-none-eabi/4.8.4/../../../../arm-none-eabi/lib/armv7-m\libc.a
START GROUP
LOAD c:/program files (x86)/gnu tools arm embedded/4.8 2014q3/bin/../lib/gcc/arm-none-eabi/4.8.4/armv7-m\libgcc.a
LOAD c:/program files (x86)/gnu tools arm embedded/4.8 2014q3/bin/../lib/gcc/arm-none-eabi/4.8.4/../../../../arm-none-eabi/lib/armv7-m\libg.a
LOAD c:/program files (x86)/gnu tools arm embedded/4.8 2014q3/bin/../lib/gcc/arm-none-eabi/4.8.4/../../../../arm-none-eabi/lib/armv7-m\libc.a
END GROUP
LOAD c:/program files (x86)/gnu tools arm embedded/4.8 2014q3/bin/../lib/gcc/arm-none-eabi/4.8.4/armv7-m/crtend.o
LOAD c:/program files (x86)/gnu tools arm embedded/4.8 2014q3/bin/../lib/gcc/arm-none-eabi/4.8.4/armv7-m/crtn.o
OUTPUT(stm103rct6.elf elf32-littlearm)

.ARM.attributes
                0x00000000       0x29
 .ARM.attributes
                0x00000000       0x1d c:/program files (x86)/gnu tools arm embedded/4.8 2014q3/bin/../lib/gcc/arm-none-eabi/4.8.4/armv7-m/crti.o
 .ARM.attributes
                0x0000001d       0x2d c:/program files (x86)/gnu tools arm embedded/4.8 2014q3/bin/../lib/gcc/arm-none-eabi/4.8.4/armv7-m/crtbegin.o
 .ARM.attributes
                0x0000004a       0x33 ..\obj\blinky.o
 .ARM.attributes
                0x0000007d       0x33 ..\obj\usb_core.o
 .ARM.attributes
                0x000000b0       0x33 ..\obj\stm32f10x_tim.o
 .ARM.attributes
                0x000000e3       0x33 ..\obj\yUart.o
 .ARM.attributes
                0x00000116       0x33 ..\obj\stmLin.o
 .ARM.attributes
                0x00000149       0x33 ..\obj\system_stm32f10x.o
 .ARM.attributes
                0x0000017c       0x33 ..\obj\usbvcpLoop.o
 .ARM.attributes
                0x000001af       0x33 ..\obj\usb_desc.o
 .ARM.attributes
                0x000001e2       0x33 ..\obj\usb_regs.o
 .ARM.attributes
                0x00000215       0x33 ..\obj\yPrintf.o
 .ARM.attributes
                0x00000248       0x33 ..\obj\startup_stm32f10x_md.o
 .ARM.attributes
                0x0000027b       0x33 ..\obj\stm32f10x_can.o
 .ARM.attributes
                0x000002ae       0x33 ..\obj\stmServoMotorLoop.o
 .ARM.attributes
                0x000002e1       0x33 ..\obj\stm32f10x_gpio.o
 .ARM.attributes
                0x00000314       0x33 ..\obj\usb_prop.o
 .ARM.attributes
                0x00000347       0x33 ..\obj\usb_pwr.o
 .ARM.attributes
                0x0000037a       0x33 ..\obj\usb_init.o
 .ARM.attributes
                0x000003ad       0x33 ..\obj\main.o
 .ARM.attributes
                0x000003e0       0x33 ..\obj\yCanLoop.o
 .ARM.attributes
                0x00000413       0x33 ..\obj\yI2cDrv.o
 .ARM.attributes
                0x00000446       0x33 ..\obj\stm32f10x_rcc.o
 .ARM.attributes
                0x00000479       0x33 ..\obj\stm32f10x_exti.o
 .ARM.attributes
                0x000004ac       0x33 ..\obj\stm32f10x_adc.o
 .ARM.attributes
                0x000004df       0x33 ..\obj\stm32f10x_usart.o
 .ARM.attributes
                0x00000512       0x33 ..\obj\stmArinc429spi.o
 .ARM.attributes
                0x00000545       0x33 ..\obj\usb_sil.o
 .ARM.attributes
                0x00000578       0x33 ..\obj\stmLIS3MDL.o
 .ARM.attributes
                0x000005ab       0x33 ..\obj\tca8418_mcdu.o
 .ARM.attributes
                0x000005de       0x33 ..\obj\misc.o
 .ARM.attributes
                0x00000611       0x33 ..\obj\selcal.o
 .ARM.attributes
                0x00000644       0x33 ..\obj\stm32f10x_spi.o
 .ARM.attributes
                0x00000677       0x33 ..\obj\stm32f10x_i2c.o
 .ARM.attributes
                0x000006aa       0x33 ..\obj\usart.o
 .ARM.attributes
                0x000006dd       0x33 ..\obj\yUtil.o
 .ARM.attributes
                0x00000710       0x1d c:/program files (x86)/gnu tools arm embedded/4.8 2014q3/bin/../lib/gcc/arm-none-eabi/4.8.4/armv7-m\libgcc.a(_aeabi_uldivmod.o)
 .ARM.attributes
                0x0000072d       0x2d c:/program files (x86)/gnu tools arm embedded/4.8 2014q3/bin/../lib/gcc/arm-none-eabi/4.8.4/armv7-m\libgcc.a(bpabi.o)
 .ARM.attributes
                0x0000075a       0x1d c:/program files (x86)/gnu tools arm embedded/4.8 2014q3/bin/../lib/gcc/arm-none-eabi/4.8.4/armv7-m\libgcc.a(_dvmd_tls.o)
 .ARM.attributes
                0x00000777       0x2d c:/program files (x86)/gnu tools arm embedded/4.8 2014q3/bin/../lib/gcc/arm-none-eabi/4.8.4/armv7-m\libgcc.a(_divdi3.o)
 .ARM.attributes
                0x000007a4       0x2d c:/program files (x86)/gnu tools arm embedded/4.8 2014q3/bin/../lib/gcc/arm-none-eabi/4.8.4/armv7-m\libgcc.a(_udivdi3.o)
 .ARM.attributes
                0x000007d1       0x2d c:/program files (x86)/gnu tools arm embedded/4.8 2014q3/bin/../lib/gcc/arm-none-eabi/4.8.4/../../../../arm-none-eabi/lib/armv7-m\libc.a(lib_a-impure.o)
 .ARM.attributes
                0x000007fe       0x2d c:/program files (x86)/gnu tools arm embedded/4.8 2014q3/bin/../lib/gcc/arm-none-eabi/4.8.4/../../../../arm-none-eabi/lib/armv7-m\libc.a(lib_a-strcpy.o)
 .ARM.attributes
                0x0000082b       0x2d c:/program files (x86)/gnu tools arm embedded/4.8 2014q3/bin/../lib/gcc/arm-none-eabi/4.8.4/../../../../arm-none-eabi/lib/armv7-m\libc.a(lib_a-strlen.o)
 .ARM.attributes
                0x00000858       0x2d c:/program files (x86)/gnu tools arm embedded/4.8 2014q3/bin/../lib/gcc/arm-none-eabi/4.8.4/../../../../arm-none-eabi/lib/armv7-m\libc.a(lib_a-__call_atexit.o)
 .ARM.attributes
                0x00000885       0x2d c:/program files (x86)/gnu tools arm embedded/4.8 2014q3/bin/../lib/gcc/arm-none-eabi/4.8.4/../../../../arm-none-eabi/lib/armv7-m\libc.a(lib_a-atexit.o)
 .ARM.attributes
                0x000008b2       0x2d c:/program files (x86)/gnu tools arm embedded/4.8 2014q3/bin/../lib/gcc/arm-none-eabi/4.8.4/../../../../arm-none-eabi/lib/armv7-m\libc.a(lib_a-fini.o)
 .ARM.attributes
                0x000008df       0x2d c:/program files (x86)/gnu tools arm embedded/4.8 2014q3/bin/../lib/gcc/arm-none-eabi/4.8.4/../../../../arm-none-eabi/lib/armv7-m\libc.a(lib_a-__atexit.o)
 .ARM.attributes
                0x0000090c       0x2d c:/program files (x86)/gnu tools arm embedded/4.8 2014q3/bin/../lib/gcc/arm-none-eabi/4.8.4/armv7-m/crtend.o
 .ARM.attributes
                0x00000939       0x1d c:/program files (x86)/gnu tools arm embedded/4.8 2014q3/bin/../lib/gcc/arm-none-eabi/4.8.4/armv7-m/crtn.o

.comment        0x00000000       0x70
 .comment       0x00000000       0x70 ..\obj\blinky.o
                                 0x71 (size before relaxing)
 .comment       0x00000000       0x71 ..\obj\usb_core.o
 .comment       0x00000000       0x71 ..\obj\stm32f10x_tim.o
 .comment       0x00000000       0x71 ..\obj\yUart.o
 .comment       0x00000000       0x71 ..\obj\stmLin.o
 .comment       0x00000000       0x71 ..\obj\system_stm32f10x.o
 .comment       0x00000000       0x71 ..\obj\usbvcpLoop.o
 .comment       0x00000000       0x71 ..\obj\usb_desc.o
 .comment       0x00000000       0x71 ..\obj\usb_regs.o
 .comment       0x00000000       0x71 ..\obj\yPrintf.o
 .comment       0x00000000       0x71 ..\obj\startup_stm32f10x_md.o
 .comment       0x00000000       0x71 ..\obj\stm32f10x_can.o
 .comment       0x00000000       0x71 ..\obj\stmServoMotorLoop.o
 .comment       0x00000000       0x71 ..\obj\stm32f10x_gpio.o
 .comment       0x00000000       0x71 ..\obj\usb_prop.o
 .comment       0x00000000       0x71 ..\obj\usb_pwr.o
 .comment       0x00000000       0x71 ..\obj\usb_init.o
 .comment       0x00000000       0x71 ..\obj\main.o
 .comment       0x00000000       0x71 ..\obj\yCanLoop.o
 .comment       0x00000000       0x71 ..\obj\yI2cDrv.o
 .comment       0x00000000       0x71 ..\obj\stm32f10x_rcc.o
 .comment       0x00000000       0x71 ..\obj\stm32f10x_exti.o
 .comment       0x00000000       0x71 ..\obj\stm32f10x_adc.o
 .comment       0x00000000       0x71 ..\obj\stm32f10x_usart.o
 .comment       0x00000000       0x71 ..\obj\stmArinc429spi.o
 .comment       0x00000000       0x71 ..\obj\usb_sil.o
 .comment       0x00000000       0x71 ..\obj\stmLIS3MDL.o
 .comment       0x00000000       0x71 ..\obj\tca8418_mcdu.o
 .comment       0x00000000       0x71 ..\obj\misc.o
 .comment       0x00000000       0x71 ..\obj\selcal.o
 .comment       0x00000000       0x71 ..\obj\stm32f10x_spi.o
 .comment       0x00000000       0x71 ..\obj\stm32f10x_i2c.o
 .comment       0x00000000       0x71 ..\obj\usart.o
 .comment       0x00000000       0x71 ..\obj\yUtil.o

.debug_info     0x00000000    0x15daf
 .debug_info    0x00000000      0x533 ..\obj\blinky.o
 .debug_info    0x00000533      0xb29 ..\obj\usb_core.o
 .debug_info    0x0000105c     0x1c3b ..\obj\stm32f10x_tim.o
 .debug_info    0x00002c97      0x828 ..\obj\yUart.o
 .debug_info    0x000034bf      0xdf4 ..\obj\stmLin.o
 .debug_info    0x000042b3      0x487 ..\obj\system_stm32f10x.o
 .debug_info    0x0000473a      0xcbe ..\obj\usbvcpLoop.o
 .debug_info    0x000053f8      0x16a ..\obj\usb_desc.o
 .debug_info    0x00005562      0xc8a ..\obj\usb_regs.o
 .debug_info    0x000061ec     0x1adb ..\obj\yPrintf.o
 .debug_info    0x00007cc7      0x139 ..\obj\startup_stm32f10x_md.o
 .debug_info    0x00007e00      0xb7f ..\obj\stm32f10x_can.o
 .debug_info    0x0000897f      0x881 ..\obj\stmServoMotorLoop.o
 .debug_info    0x00009200      0x6ff ..\obj\stm32f10x_gpio.o
 .debug_info    0x000098ff      0x80d ..\obj\usb_prop.o
 .debug_info    0x0000a10c      0x506 ..\obj\usb_pwr.o
 .debug_info    0x0000a612      0x437 ..\obj\usb_init.o
 .debug_info    0x0000aa49      0xdf2 ..\obj\main.o
 .debug_info    0x0000b83b      0xece ..\obj\yCanLoop.o
 .debug_info    0x0000c709      0x6cd ..\obj\yI2cDrv.o
 .debug_info    0x0000cdd6      0x874 ..\obj\stm32f10x_rcc.o
 .debug_info    0x0000d64a      0x324 ..\obj\stm32f10x_exti.o
 .debug_info    0x0000d96e      0xb57 ..\obj\stm32f10x_adc.o
 .debug_info    0x0000e4c5      0x9cb ..\obj\stm32f10x_usart.o
 .debug_info    0x0000ee90      0x9bb ..\obj\stmArinc429spi.o
 .debug_info    0x0000f84b      0x16d ..\obj\usb_sil.o
 .debug_info    0x0000f9b8     0x1e63 ..\obj\stmLIS3MDL.o
 .debug_info    0x0001181b      0xd27 ..\obj\tca8418_mcdu.o
 .debug_info    0x00012542      0x54b ..\obj\misc.o
 .debug_info    0x00012a8d     0x10af ..\obj\selcal.o
 .debug_info    0x00013b3c      0x8d6 ..\obj\stm32f10x_spi.o
 .debug_info    0x00014412      0xae3 ..\obj\stm32f10x_i2c.o
 .debug_info    0x00014ef5      0x4fa ..\obj\usart.o
 .debug_info    0x000153ef      0x9c0 ..\obj\yUtil.o

.debug_abbrev   0x00000000     0x40ed
 .debug_abbrev  0x00000000      0x1d9 ..\obj\blinky.o
 .debug_abbrev  0x000001d9      0x283 ..\obj\usb_core.o
 .debug_abbrev  0x0000045c      0x1b5 ..\obj\stm32f10x_tim.o
 .debug_abbrev  0x00000611      0x244 ..\obj\yUart.o
 .debug_abbrev  0x00000855      0x312 ..\obj\stmLin.o
 .debug_abbrev  0x00000b67      0x14c ..\obj\system_stm32f10x.o
 .debug_abbrev  0x00000cb3      0x360 ..\obj\usbvcpLoop.o
 .debug_abbrev  0x00001013       0x5b ..\obj\usb_desc.o
 .debug_abbrev  0x0000106e      0x16f ..\obj\usb_regs.o
 .debug_abbrev  0x000011dd      0x3c8 ..\obj\yPrintf.o
 .debug_abbrev  0x000015a5       0xb2 ..\obj\startup_stm32f10x_md.o
 .debug_abbrev  0x00001657      0x1e0 ..\obj\stm32f10x_can.o
 .debug_abbrev  0x00001837      0x212 ..\obj\stmServoMotorLoop.o
 .debug_abbrev  0x00001a49      0x1cf ..\obj\stm32f10x_gpio.o
 .debug_abbrev  0x00001c18      0x1db ..\obj\usb_prop.o
 .debug_abbrev  0x00001df3      0x1f0 ..\obj\usb_pwr.o
 .debug_abbrev  0x00001fe3      0x106 ..\obj\usb_init.o
 .debug_abbrev  0x000020e9      0x2da ..\obj\main.o
 .debug_abbrev  0x000023c3      0x2db ..\obj\yCanLoop.o
 .debug_abbrev  0x0000269e      0x20e ..\obj\yI2cDrv.o
 .debug_abbrev  0x000028ac      0x1a9 ..\obj\stm32f10x_rcc.o
 .debug_abbrev  0x00002a55      0x158 ..\obj\stm32f10x_exti.o
 .debug_abbrev  0x00002bad      0x19f ..\obj\stm32f10x_adc.o
 .debug_abbrev  0x00002d4c      0x169 ..\obj\stm32f10x_usart.o
 .debug_abbrev  0x00002eb5      0x1d7 ..\obj\stmArinc429spi.o
 .debug_abbrev  0x0000308c       0xa3 ..\obj\usb_sil.o
 .debug_abbrev  0x0000312f      0x222 ..\obj\stmLIS3MDL.o
 .debug_abbrev  0x00003351      0x2ab ..\obj\tca8418_mcdu.o
 .debug_abbrev  0x000035fc      0x145 ..\obj\misc.o
 .debug_abbrev  0x00003741      0x2f3 ..\obj\selcal.o
 .debug_abbrev  0x00003a34      0x185 ..\obj\stm32f10x_spi.o
 .debug_abbrev  0x00003bb9      0x16b ..\obj\stm32f10x_i2c.o
 .debug_abbrev  0x00003d24      0x16b ..\obj\usart.o
 .debug_abbrev  0x00003e8f      0x25e ..\obj\yUtil.o

.debug_aranges  0x00000000     0x1a40
 .debug_aranges
                0x00000000       0xa0 ..\obj\blinky.o
 .debug_aranges
                0x000000a0       0xb0 ..\obj\usb_core.o
 .debug_aranges
                0x00000150      0x2f0 ..\obj\stm32f10x_tim.o
 .debug_aranges
                0x00000440       0x80 ..\obj\yUart.o
 .debug_aranges
                0x000004c0       0xd0 ..\obj\stmLin.o
 .debug_aranges
                0x00000590       0x38 ..\obj\system_stm32f10x.o
 .debug_aranges
                0x000005c8       0xb8 ..\obj\usbvcpLoop.o
 .debug_aranges
                0x00000680       0x18 ..\obj\usb_desc.o
 .debug_aranges
                0x00000698      0x1f0 ..\obj\usb_regs.o
 .debug_aranges
                0x00000888      0x190 ..\obj\yPrintf.o
 .debug_aranges
                0x00000a18       0x28 ..\obj\startup_stm32f10x_md.o
 .debug_aranges
                0x00000a40       0xe0 ..\obj\stm32f10x_can.o
 .debug_aranges
                0x00000b20       0x60 ..\obj\stmServoMotorLoop.o
 .debug_aranges
                0x00000b80       0xb0 ..\obj\stm32f10x_gpio.o
 .debug_aranges
                0x00000c30       0x88 ..\obj\usb_prop.o
 .debug_aranges
                0x00000cb8       0x40 ..\obj\usb_pwr.o
 .debug_aranges
                0x00000cf8       0x20 ..\obj\usb_init.o
 .debug_aranges
                0x00000d18       0xb8 ..\obj\main.o
 .debug_aranges
                0x00000dd0       0x98 ..\obj\yCanLoop.o
 .debug_aranges
                0x00000e68       0x50 ..\obj\yI2cDrv.o
 .debug_aranges
                0x00000eb8      0x118 ..\obj\stm32f10x_rcc.o
 .debug_aranges
                0x00000fd0       0x58 ..\obj\stm32f10x_exti.o
 .debug_aranges
                0x00001028      0x138 ..\obj\stm32f10x_adc.o
 .debug_aranges
                0x00001160      0x100 ..\obj\stm32f10x_usart.o
 .debug_aranges
                0x00001260       0x40 ..\obj\stmArinc429spi.o
 .debug_aranges
                0x000012a0       0x30 ..\obj\usb_sil.o
 .debug_aranges
                0x000012d0      0x2c8 ..\obj\stmLIS3MDL.o
 .debug_aranges
                0x00001598       0xf8 ..\obj\tca8418_mcdu.o
 .debug_aranges
                0x00001690       0x40 ..\obj\misc.o
 .debug_aranges
                0x000016d0       0x90 ..\obj\selcal.o
 .debug_aranges
                0x00001760       0xd0 ..\obj\stm32f10x_spi.o
 .debug_aranges
                0x00001830      0x120 ..\obj\stm32f10x_i2c.o
 .debug_aranges
                0x00001950       0x40 ..\obj\usart.o
 .debug_aranges
                0x00001990       0xb0 ..\obj\yUtil.o

.debug_ranges   0x00000000     0x1878
 .debug_ranges  0x00000000       0x90 ..\obj\blinky.o
 .debug_ranges  0x00000090       0xb8 ..\obj\usb_core.o
 .debug_ranges  0x00000148      0x2e0 ..\obj\stm32f10x_tim.o
 .debug_ranges  0x00000428       0x70 ..\obj\yUart.o
 .debug_ranges  0x00000498       0xc0 ..\obj\stmLin.o
 .debug_ranges  0x00000558       0x28 ..\obj\system_stm32f10x.o
 .debug_ranges  0x00000580       0xa8 ..\obj\usbvcpLoop.o
 .debug_ranges  0x00000628      0x1e0 ..\obj\usb_regs.o
 .debug_ranges  0x00000808      0x180 ..\obj\yPrintf.o
 .debug_ranges  0x00000988       0x18 ..\obj\startup_stm32f10x_md.o
 .debug_ranges  0x000009a0       0xd0 ..\obj\stm32f10x_can.o
 .debug_ranges  0x00000a70       0x68 ..\obj\stmServoMotorLoop.o
 .debug_ranges  0x00000ad8       0xa0 ..\obj\stm32f10x_gpio.o
 .debug_ranges  0x00000b78       0x78 ..\obj\usb_prop.o
 .debug_ranges  0x00000bf0       0x30 ..\obj\usb_pwr.o
 .debug_ranges  0x00000c20       0x10 ..\obj\usb_init.o
 .debug_ranges  0x00000c30       0xc0 ..\obj\main.o
 .debug_ranges  0x00000cf0       0xa0 ..\obj\yCanLoop.o
 .debug_ranges  0x00000d90       0x40 ..\obj\yI2cDrv.o
 .debug_ranges  0x00000dd0      0x108 ..\obj\stm32f10x_rcc.o
 .debug_ranges  0x00000ed8       0x48 ..\obj\stm32f10x_exti.o
 .debug_ranges  0x00000f20      0x128 ..\obj\stm32f10x_adc.o
 .debug_ranges  0x00001048       0xf0 ..\obj\stm32f10x_usart.o
 .debug_ranges  0x00001138       0x30 ..\obj\stmArinc429spi.o
 .debug_ranges  0x00001168       0x20 ..\obj\usb_sil.o
 .debug_ranges  0x00001188      0x2b8 ..\obj\stmLIS3MDL.o
 .debug_ranges  0x00001440       0xe8 ..\obj\tca8418_mcdu.o
 .debug_ranges  0x00001528       0x30 ..\obj\misc.o
 .debug_ranges  0x00001558       0x80 ..\obj\selcal.o
 .debug_ranges  0x000015d8       0xc0 ..\obj\stm32f10x_spi.o
 .debug_ranges  0x00001698      0x110 ..\obj\stm32f10x_i2c.o
 .debug_ranges  0x000017a8       0x30 ..\obj\usart.o
 .debug_ranges  0x000017d8       0xa0 ..\obj\yUtil.o

.debug_line     0x00000000     0xaaf9
 .debug_line    0x00000000      0x499 ..\obj\blinky.o
 .debug_line    0x00000499      0x52e ..\obj\usb_core.o
 .debug_line    0x000009c7      0xafa ..\obj\stm32f10x_tim.o
 .debug_line    0x000014c1      0x4a4 ..\obj\yUart.o
 .debug_line    0x00001965      0x684 ..\obj\stmLin.o
 .debug_line    0x00001fe9      0x290 ..\obj\system_stm32f10x.o
 .debug_line    0x00002279      0x58f ..\obj\usbvcpLoop.o
 .debug_line    0x00002808      0x166 ..\obj\usb_desc.o
 .debug_line    0x0000296e      0x713 ..\obj\usb_regs.o
 .debug_line    0x00003081      0xb3d ..\obj\yPrintf.o
 .debug_line    0x00003bbe       0xe2 ..\obj\startup_stm32f10x_md.o
 .debug_line    0x00003ca0      0x5eb ..\obj\stm32f10x_can.o
 .debug_line    0x0000428b      0x37d ..\obj\stmServoMotorLoop.o
 .debug_line    0x00004608      0x440 ..\obj\stm32f10x_gpio.o
 .debug_line    0x00004a48      0x369 ..\obj\usb_prop.o
 .debug_line    0x00004db1      0x3ea ..\obj\usb_pwr.o
 .debug_line    0x0000519b      0x1ff ..\obj\usb_init.o
 .debug_line    0x0000539a      0x74a ..\obj\main.o
 .debug_line    0x00005ae4      0x5e3 ..\obj\yCanLoop.o
 .debug_line    0x000060c7      0x50f ..\obj\yI2cDrv.o
 .debug_line    0x000065d6      0x53c ..\obj\stm32f10x_rcc.o
 .debug_line    0x00006b12      0x324 ..\obj\stm32f10x_exti.o
 .debug_line    0x00006e36      0x5a1 ..\obj\stm32f10x_adc.o
 .debug_line    0x000073d7      0x519 ..\obj\stm32f10x_usart.o
 .debug_line    0x000078f0      0x39f ..\obj\stmArinc429spi.o
 .debug_line    0x00007c8f      0x225 ..\obj\usb_sil.o
 .debug_line    0x00007eb4      0xb44 ..\obj\stmLIS3MDL.o
 .debug_line    0x000089f8      0x53d ..\obj\tca8418_mcdu.o
 .debug_line    0x00008f35      0x33d ..\obj\misc.o
 .debug_line    0x00009272      0x5fb ..\obj\selcal.o
 .debug_line    0x0000986d      0x4a1 ..\obj\stm32f10x_spi.o
 .debug_line    0x00009d0e      0x556 ..\obj\stm32f10x_i2c.o
 .debug_line    0x0000a264      0x33b ..\obj\usart.o
 .debug_line    0x0000a59f      0x55a ..\obj\yUtil.o

.debug_str      0x00000000     0x8951
 .debug_str     0x00000000      0x481 ..\obj\blinky.o
                                0x4e9 (size before relaxing)
 .debug_str     0x00000481      0x7fa ..\obj\usb_core.o
                                0xa81 (size before relaxing)
 .debug_str     0x00000c7b      0xc29 ..\obj\stm32f10x_tim.o
                                0xe11 (size before relaxing)
 .debug_str     0x000018a4      0x5ce ..\obj\yUart.o
                                0x926 (size before relaxing)
 .debug_str     0x00001e72      0x51a ..\obj\stmLin.o
                                0xcb6 (size before relaxing)
 .debug_str     0x0000238c      0x1c4 ..\obj\system_stm32f10x.o
                                0x342 (size before relaxing)
 .debug_str     0x00002550      0x4e0 ..\obj\usbvcpLoop.o
                                0xd74 (size before relaxing)
 .debug_str     0x00002a30      0x11f ..\obj\usb_desc.o
                                0x263 (size before relaxing)
 .debug_str     0x00002b4f      0x443 ..\obj\usb_regs.o
                                0x5ad (size before relaxing)
 .debug_str     0x00002f92      0x8d1 ..\obj\yPrintf.o
                                0xbf3 (size before relaxing)
 .debug_str     0x00003863       0xf0 ..\obj\startup_stm32f10x_md.o
                                0x204 (size before relaxing)
 .debug_str     0x00003953      0x55c ..\obj\stm32f10x_can.o
                                0x762 (size before relaxing)
 .debug_str     0x00003eaf      0x182 ..\obj\stmServoMotorLoop.o
                                0xa50 (size before relaxing)
 .debug_str     0x00004031      0x291 ..\obj\stm32f10x_gpio.o
                                0x55d (size before relaxing)
 .debug_str     0x000042c2      0x274 ..\obj\usb_prop.o
                                0x983 (size before relaxing)
 .debug_str     0x00004536      0x191 ..\obj\usb_pwr.o
                                0x426 (size before relaxing)
 .debug_str     0x000046c7       0x9b ..\obj\usb_init.o
                                0x565 (size before relaxing)
 .debug_str     0x00004762      0x3c0 ..\obj\main.o
                                0xa94 (size before relaxing)
 .debug_str     0x00004b22      0x345 ..\obj\yCanLoop.o
                                0xcba (size before relaxing)
 .debug_str     0x00004e67      0x225 ..\obj\yI2cDrv.o
                                0x5f4 (size before relaxing)
 .debug_str     0x0000508c      0x3a0 ..\obj\stm32f10x_rcc.o
                                0x64e (size before relaxing)
 .debug_str     0x0000542c      0x135 ..\obj\stm32f10x_exti.o
                                0x37d (size before relaxing)
 .debug_str     0x00005561      0x56c ..\obj\stm32f10x_adc.o
                                0x72f (size before relaxing)
 .debug_str     0x00005acd      0x3d1 ..\obj\stm32f10x_usart.o
                                0x6c4 (size before relaxing)
 .debug_str     0x00005e9e      0x21c ..\obj\stmArinc429spi.o
                                0xab6 (size before relaxing)
 .debug_str     0x000060ba       0xd5 ..\obj\usb_sil.o
                                0x233 (size before relaxing)
 .debug_str     0x0000618f     0x15d9 ..\obj\stmLIS3MDL.o
                               0x1dec (size before relaxing)
 .debug_str     0x00007768      0x350 ..\obj\tca8418_mcdu.o
                                0xba0 (size before relaxing)
 .debug_str     0x00007ab8      0x137 ..\obj\misc.o
                                0x411 (size before relaxing)
 .debug_str     0x00007bef      0x3d5 ..\obj\selcal.o
                                0xd35 (size before relaxing)
 .debug_str     0x00007fc4      0x2f8 ..\obj\stm32f10x_spi.o
                                0x631 (size before relaxing)
 .debug_str     0x000082bc      0x35c ..\obj\stm32f10x_i2c.o
                                0x69a (size before relaxing)
 .debug_str     0x00008618       0xb8 ..\obj\usart.o
                                0x56b (size before relaxing)
 .debug_str     0x000086d0      0x281 ..\obj\yUtil.o
                                0x64d (size before relaxing)

.debug_frame    0x00000000     0x58f4
 .debug_frame   0x00000000      0x210 ..\obj\blinky.o
 .debug_frame   0x00000210      0x254 ..\obj\usb_core.o
 .debug_frame   0x00000464      0xa20 ..\obj\stm32f10x_tim.o
 .debug_frame   0x00000e84      0x188 ..\obj\yUart.o
 .debug_frame   0x0000100c      0x2d4 ..\obj\stmLin.o
 .debug_frame   0x000012e0       0x80 ..\obj\system_stm32f10x.o
 .debug_frame   0x00001360      0x260 ..\obj\usbvcpLoop.o
 .debug_frame   0x000015c0      0x684 ..\obj\usb_regs.o
 .debug_frame   0x00001c44      0x5f4 ..\obj\yPrintf.o
 .debug_frame   0x00002238       0x48 ..\obj\startup_stm32f10x_md.o
 .debug_frame   0x00002280      0x2d4 ..\obj\stm32f10x_can.o
 .debug_frame   0x00002554      0x120 ..\obj\stmServoMotorLoop.o
 .debug_frame   0x00002674      0x22c ..\obj\stm32f10x_gpio.o
 .debug_frame   0x000028a0      0x1a0 ..\obj\usb_prop.o
 .debug_frame   0x00002a40       0xa8 ..\obj\usb_pwr.o
 .debug_frame   0x00002ae8       0x2c ..\obj\usb_init.o
 .debug_frame   0x00002b14      0x258 ..\obj\main.o
 .debug_frame   0x00002d6c      0x1f4 ..\obj\yCanLoop.o
 .debug_frame   0x00002f60       0xec ..\obj\yI2cDrv.o
 .debug_frame   0x0000304c      0x388 ..\obj\stm32f10x_rcc.o
 .debug_frame   0x000033d4       0xec ..\obj\stm32f10x_exti.o
 .debug_frame   0x000034c0      0x400 ..\obj\stm32f10x_adc.o
 .debug_frame   0x000038c0      0x344 ..\obj\stm32f10x_usart.o
 .debug_frame   0x00003c04       0xac ..\obj\stmArinc429spi.o
 .debug_frame   0x00003cb0       0x68 ..\obj\usb_sil.o
 .debug_frame   0x00003d18      0xabc ..\obj\stmLIS3MDL.o
 .debug_frame   0x000047d4      0x384 ..\obj\tca8418_mcdu.o
 .debug_frame   0x00004b58       0x9c ..\obj\misc.o
 .debug_frame   0x00004bf4      0x1f4 ..\obj\selcal.o
 .debug_frame   0x00004de8      0x29c ..\obj\stm32f10x_spi.o
 .debug_frame   0x00005084      0x3b4 ..\obj\stm32f10x_i2c.o
 .debug_frame   0x00005438       0xb0 ..\obj\usart.o
 .debug_frame   0x000054e8      0x248 ..\obj\yUtil.o
 .debug_frame   0x00005730       0x58 c:/program files (x86)/gnu tools arm embedded/4.8 2014q3/bin/../lib/gcc/arm-none-eabi/4.8.4/armv7-m\libgcc.a(bpabi.o)
 .debug_frame   0x00005788       0x34 c:/program files (x86)/gnu tools arm embedded/4.8 2014q3/bin/../lib/gcc/arm-none-eabi/4.8.4/armv7-m\libgcc.a(_divdi3.o)
 .debug_frame   0x000057bc       0x34 c:/program files (x86)/gnu tools arm embedded/4.8 2014q3/bin/../lib/gcc/arm-none-eabi/4.8.4/armv7-m\libgcc.a(_udivdi3.o)
 .debug_frame   0x000057f0       0x20 c:/program files (x86)/gnu tools arm embedded/4.8 2014q3/bin/../lib/gcc/arm-none-eabi/4.8.4/../../../../arm-none-eabi/lib/armv7-m\libc.a(lib_a-strcpy.o)
 .debug_frame   0x00005810       0x20 c:/program files (x86)/gnu tools arm embedded/4.8 2014q3/bin/../lib/gcc/arm-none-eabi/4.8.4/../../../../arm-none-eabi/lib/armv7-m\libc.a(lib_a-strlen.o)
 .debug_frame   0x00005830       0x48 c:/program files (x86)/gnu tools arm embedded/4.8 2014q3/bin/../lib/gcc/arm-none-eabi/4.8.4/../../../../arm-none-eabi/lib/armv7-m\libc.a(lib_a-__call_atexit.o)
 .debug_frame   0x00005878       0x20 c:/program files (x86)/gnu tools arm embedded/4.8 2014q3/bin/../lib/gcc/arm-none-eabi/4.8.4/../../../../arm-none-eabi/lib/armv7-m\libc.a(lib_a-atexit.o)
 .debug_frame   0x00005898       0x2c c:/program files (x86)/gnu tools arm embedded/4.8 2014q3/bin/../lib/gcc/arm-none-eabi/4.8.4/../../../../arm-none-eabi/lib/armv7-m\libc.a(lib_a-fini.o)
 .debug_frame   0x000058c4       0x30 c:/program files (x86)/gnu tools arm embedded/4.8 2014q3/bin/../lib/gcc/arm-none-eabi/4.8.4/../../../../arm-none-eabi/lib/armv7-m\libc.a(lib_a-__atexit.o)
